---
source: crates/tools/cron/src/tests/unit/date.rs
expression: result
---
Err(
    Error(
        Error {
            inner: [
                Invalid(
                    "/2",
                    '-',
                ),
                Nom(
                    "8/2",
                    Alt,
                ),
            ],
        },
    ),
)
