---
source: crates/tools/cron/src/tests/unit/second.rs
expression: result
---
Err(
    Error(
        Error {
            inner: [
                Invalid(
                    ",*/2",
                    '-',
                ),
                Nom(
                    "1,*/2",
                    Alt,
                ),
            ],
        },
    ),
)
