---
source: crates/tools/cron/src/tests/unit/year.rs
expression: result
---
Err(
    Failure(
        Error {
            inner: [
                Year(
                    PeriodicLessThanOne,
                ),
                Nom(
                    "0",
                    MapRes,
                ),
            ],
        },
    ),
)
