---
source: crates/tools/cron/src/tests/unit/date.rs
expression: result
---
Err(
    Error(
        Error {
            inner: [
                Invalid(
                    ",2-3",
                    '-',
                ),
                Nom(
                    "1,2-3",
                    Alt,
                ),
            ],
        },
    ),
)
