---
source: crates/tools/cron/src/tests/unit/hour.rs
expression: result
---
Err(
    Error(
        Error {
            inner: [
                Invalid(
                    "/2,*",
                    '-',
                ),
                Nom(
                    "1/2,*",
                    Alt,
                ),
            ],
        },
    ),
)
