---
source: crates/tools/cron/src/tests/unit/minute.rs
expression: result
---
Err(
    Error(
        Error {
            inner: [
                Invalid(
                    "/2,1-59/2",
                    '-',
                ),
                Nom(
                    "1/2,1-59/2",
                    Alt,
                ),
            ],
        },
    ),
)
